// Jest Snapshot v1, https://goo.gl/fbAQLP

exports[`<App /> should match with the snapshot 1`] = `<Route />`;
